ignoring namespaces beginning with: w 
dictionary train-sets/dictionary_test.dict contains 4 items
Num weight bits = 18
learning rate = 0.5
initial_t = 0
power_t = 0.5
decay_learning_rate = 1
creating cache_file = train-sets/dictionary_test.dat.cache
Reading datafile = train-sets/dictionary_test.dat
num sources = 1
average    since         example     example  current  current  current
loss       last          counter      weight    label  predict features
1.000000   1.000000            1         1.0   1.0000  -1.0000        2
1.000000   1.000000            2         2.0  -1.0000   1.0000        3
1.000000   1.000000            4         4.0  -1.0000   1.0000        5
0.750000   0.500000            8         8.0  -1.0000   1.0000        5
0.500000   0.250000           16        16.0  -1.0000  -1.0000        5
0.375000   0.250000           32        32.0  -1.0000  -1.0000        5
0.312500   0.250000           64        64.0  -1.0000  -1.0000        5
0.164062   0.015625          128       128.0  -1.0000  -1.0000        5

finished run
number of examples per pass = 4
passes used = 32
weighted example sum = 128
weighted label sum = 0
average loss = 0.164062
best constant = 0
best constant's loss = 1
total feature number = 448
