Num weight bits = 13
learning rate = 1
initial_t = 0
power_t = 0.5
using no cache
Reading datafile = train-sets/wiki256.dat
num sources = 1
average    since         example     example  current  current  current
loss       last          counter      weight    label  predict features
10.149311  10.149311           1         1.0  unknown   0.0000      732
10.369825  10.590340           2         2.0  unknown   0.0000       27
10.325934  10.282042           4         4.0  unknown   0.0000       53
10.401774  10.477614           8         8.0  unknown   0.0000       60
10.356269  10.310764          16        16.0  unknown   0.0000       26
10.472941  10.589612          32        32.0  unknown   0.0000      125
10.474854  10.476768          64        64.0  unknown   0.0000      313
10.425314  10.375773         128       128.0  unknown   0.0000       50
10.005564  9.585815          256       256.0  unknown   0.0000       33

finished run
number of examples = 256
weighted example sum = 256
weighted label sum = 0
average loss = 10.0056
total feature number = 22158
